**********************
Windows PowerShell transcript start
Start time: 20220927223543
Username: DESKTOP-DT42RLK\00nitro
RunAs User: DESKTOP-DT42RLK\00nitro
Configuration Name: 
Machine: DESKTOP-DT42RLK (Microsoft Windows NT 10.0.19044.0)
Host Application: C:\Windows\System32\WindowsPowerShell\v1.0\powershell.exe
Process ID: 10400
PSVersion: 5.1.19041.1682
PSEdition: Desktop
PSCompatibleVersions: 1.0, 2.0, 3.0, 4.0, 5.0, 5.1.19041.1682
BuildVersion: 10.0.19041.1682
CLRVersion: 4.0.30319.42000
WSManStackVersion: 3.0
PSRemotingProtocolVersion: 2.3
SerializationVersion: 1.1.0.1
**********************
Transcript started, output file is D:\Documents - SSD\PowerShell_transcript.DESKTOP-DT42RLK.x31CKhLy.20220927223543.txt
PS D:\Desktop- SSD\COMP SCI\CLASSES\CISC 3140\task4> mkdir folder


    Directory: D:\Desktop- SSD\COMP SCI\CLASSES\CISC 3140\task4


Mode                 LastWriteTime         Length Name
----                 -------------         ------ ----
d-----         9/27/2022  10:36 PM                folder


PS D:\Desktop- SSD\COMP SCI\CLASSES\CISC 3140\task4> Copy-item -Path "D:\Desktop- SSD\COMP SCI\CLASSES\CISC 3140\task4\test.java" -Destination "D:\Desktop- SSD\COMP SCI\CLASSES\CISC 3140\task4"
Copy-item : Cannot overwrite the item D:\Desktop- SSD\COMP SCI\CLASSES\CISC 3140\task4\test.java with itself.
At line:1 char:1
+ Copy-item -Path "D:\Desktop- SSD\COMP SCI\CLASSES\CISC 3140\task4\tes ...
+ ~~~~~~~~~~~~~~~~~~~~~~~~~~~~~~~~~~~~~~~~~~~~~~~~~~~~~~~~~~~~~~~~~~~~~
    + CategoryInfo          : WriteError: (D:\Desktop- SSD...task4\test.java:String) [Copy-Item], IOException
    + FullyQualifiedErrorId : CopyError,Microsoft.PowerShell.Commands.CopyItemCommand
Copy-item : Cannot overwrite the item D:\Desktop- SSD\COMP SCI\CLASSES\CISC 3140\task4\test.java with itself.
At line:1 char:1
+ Copy-item -Path "D:\Desktop- SSD\COMP SCI\CLASSES\CISC 3140\task4\tes ...
+ ~~~~~~~~~~~~~~~~~~~~~~~~~~~~~~~~~~~~~~~~~~~~~~~~~~~~~~~~~~~~~~~~~~~~~
    + CategoryInfo          : WriteError: (D:\Desktop- SSD...task4\test.java:String) [Copy-Item], IOException
    + FullyQualifiedErrorId : CopyError,Microsoft.PowerShell.Commands.CopyItemCommand

PS D:\Desktop- SSD\COMP SCI\CLASSES\CISC 3140\task4> Copy-item -Path "D:\Desktop- SSD\COMP SCI\CLASSES\CISC 3140\task4\test.java" -Destination "D:\Desktop- SSD\COMP SCI\CLASSES\CISC 3140\task4\folder"
PS D:\Desktop- SSD\COMP SCI\CLASSES\CISC 3140\task4> cd
PS D:\Desktop- SSD\COMP SCI\CLASSES\CISC 3140\task4> ls


    Directory: D:\Desktop- SSD\COMP SCI\CLASSES\CISC 3140\task4


Mode                 LastWriteTime         Length Name
----                 -------------         ------ ----
d-----         9/27/2022  10:41 PM                folder
-a----         9/27/2022  10:41 PM            759 test.java


PS D:\Desktop- SSD\COMP SCI\CLASSES\CISC 3140\task4> cd /folder
cd : Cannot find path 'D:\folder' because it does not exist.
At line:1 char:1
+ cd /folder
+ ~~~~~~~~~~
    + CategoryInfo          : ObjectNotFound: (D:\folder:String) [Set-Location], ItemNotFoundException
    + FullyQualifiedErrorId : PathNotFound,Microsoft.PowerShell.Commands.SetLocationCommand
cd : Cannot find path 'D:\folder' because it does not exist.
At line:1 char:1
+ cd /folder
+ ~~~~~~~~~~
    + CategoryInfo          : ObjectNotFound: (D:\folder:String) [Set-Location], ItemNotFoundException
    + FullyQualifiedErrorId : PathNotFound,Microsoft.PowerShell.Commands.SetLocationCommand

PS D:\Desktop- SSD\COMP SCI\CLASSES\CISC 3140\task4> cd \folder
cd : Cannot find path 'D:\folder' because it does not exist.
At line:1 char:1
+ cd \folder
+ ~~~~~~~~~~
    + CategoryInfo          : ObjectNotFound: (D:\folder:String) [Set-Location], ItemNotFoundException
    + FullyQualifiedErrorId : PathNotFound,Microsoft.PowerShell.Commands.SetLocationCommand
cd : Cannot find path 'D:\folder' because it does not exist.
At line:1 char:1
+ cd \folder
+ ~~~~~~~~~~
    + CategoryInfo          : ObjectNotFound: (D:\folder:String) [Set-Location], ItemNotFoundException
    + FullyQualifiedErrorId : PathNotFound,Microsoft.PowerShell.Commands.SetLocationCommand

PS D:\Desktop- SSD\COMP SCI\CLASSES\CISC 3140\task4> cd "/folder"
cd : Cannot find path 'D:\folder' because it does not exist.
At line:1 char:1
+ cd "/folder"
+ ~~~~~~~~~~~~
    + CategoryInfo          : ObjectNotFound: (D:\folder:String) [Set-Location], ItemNotFoundException
    + FullyQualifiedErrorId : PathNotFound,Microsoft.PowerShell.Commands.SetLocationCommand
cd : Cannot find path 'D:\folder' because it does not exist.
At line:1 char:1
+ cd "/folder"
+ ~~~~~~~~~~~~
    + CategoryInfo          : ObjectNotFound: (D:\folder:String) [Set-Location], ItemNotFoundException
    + FullyQualifiedErrorId : PathNotFound,Microsoft.PowerShell.Commands.SetLocationCommand

PS D:\Desktop- SSD\COMP SCI\CLASSES\CISC 3140\task4> cd "D:\Desktop- SSD\COMP SCI\CLASSES\CISC 3140\task4\folder"
PS D:\Desktop- SSD\COMP SCI\CLASSES\CISC 3140\task4\folder> ls


    Directory: D:\Desktop- SSD\COMP SCI\CLASSES\CISC 3140\task4\folder


Mode                 LastWriteTime         Length Name
----                 -------------         ------ ----
-a----         9/27/2022  10:41 PM            759 test.java


PS D:\Desktop- SSD\COMP SCI\CLASSES\CISC 3140\task4\folder> Stop-Transcript
**********************
Windows PowerShell transcript end
End time: 20220927224316
**********************
